
> delight-graphics@1.0.0 build
> vite build

[36mvite v5.4.21 [32mbuilding for production...[36m[39m
transforming...
[32m✓[39m 1750 modules transformed.
rendering chunks...
computing gzip size...
[2mdist/[22m[32mindex.html                 [39m[1m[2m  1.11 kB[22m[1m[22m[2m │ gzip:   0.53 kB[22m
[2mdist/[22m[32massets/logo-CHsNY-GD.svg   [39m[1m[2m178.50 kB[22m[1m[22m[2m │ gzip: 129.65 kB[22m
[2mdist/[22m[35massets/index-D_WYlu6T.css  [39m[1m[2m 40.26 kB[22m[1m[22m[2m │ gzip:   7.20 kB[22m
[2mdist/[22m[36massets/index-CMEste0l.js   [39m[1m[2m428.35 kB[22m[1m[22m[2m │ gzip: 118.13 kB[22m
[32m✓ built in 15.35s[39m
